
> school-webiste@0.0.0 build
> tsc -b && vite build

src/components/AdmissionModal.tsx(1,10): error TS1484: 'FC' is a type and must be imported using a type-only import when 'verbatimModuleSyntax' is enabled.
src/components/AdmissionModal.tsx(1,24): error TS1484: 'FormEvent' is a type and must be imported using a type-only import when 'verbatimModuleSyntax' is enabled.
src/components/blocks/scroll-expansion-hero.tsx(7,3): error TS1484: 'ReactNode' is a type and must be imported using a type-only import when 'verbatimModuleSyntax' is enabled.
src/components/ui/tubelight-navbar.tsx(3,8): error TS6133: 'React' is declared but its value is never read.
src/components/ui/tubelight-navbar.tsx(24,10): error TS6133: 'isMobile' is declared but its value is never read.
src/components/WhatsAppButton.tsx(1,1): error TS6133: 'React' is declared but its value is never read.
src/pages/Academics.tsx(1,8): error TS6133: 'React' is declared but its value is never read.
src/pages/Admissions.tsx(1,20): error TS1484: 'FormEvent' is a type and must be imported using a type-only import when 'verbatimModuleSyntax' is enabled.
src/pages/Contact.tsx(1,20): error TS1484: 'FormEvent' is a type and must be imported using a type-only import when 'verbatimModuleSyntax' is enabled.
src/pages/Home.tsx(15,3): error TS6133: 'ShieldCheck' is declared but its value is never read.
src/pages/Home.tsx(95,10): error TS6133: 'currentSlide' is declared but its value is never read.
src/pages/Home.tsx(113,9): error TS6133: 'schoolMedia' is declared but its value is never read.
